127.0.0.1 - admin [21/Feb/2022:18:14:46 -0300] "PUT /manager/text/deploy?path=%2F42.CabecerasHTTPStatus&update=true HTTP/1.1" 200 93
0:0:0:0:0:0:0:1 - - [21/Feb/2022:18:14:50 -0300] "GET /42.CabecerasHTTPStatus HTTP/1.1" 302 -
0:0:0:0:0:0:0:1 - - [21/Feb/2022:18:14:50 -0300] "GET /42.CabecerasHTTPStatus/ HTTP/1.1" 404 715
127.0.0.1 - admin [21/Feb/2022:18:15:52 -0300] "PUT /manager/text/deploy?path=%2Fwebapp&update=true HTTP/1.1" 200 77
0:0:0:0:0:0:0:1 - - [21/Feb/2022:18:15:56 -0300] "GET /webapp HTTP/1.1" 302 -
0:0:0:0:0:0:0:1 - - [21/Feb/2022:18:15:56 -0300] "GET /webapp/ HTTP/1.1" 404 699
0:0:0:0:0:0:0:1 - - [21/Feb/2022:18:16:03 -0300] "GET /webapp/cabecera-request HTTP/1.1" 404 715
0:0:0:0:0:0:0:1 - - [21/Feb/2022:18:16:07 -0300] "GET /webapp/cabeceras-request HTTP/1.1" 200 393
0:0:0:0:0:0:0:1 - - [21/Feb/2022:18:17:56 -0300] "GET /webapp/cabeceras-request HTTP/1.1" 200 393
127.0.0.1 - admin [21/Feb/2022:18:17:56 -0300] "PUT /manager/text/deploy?path=%2Fwebapp&update=true HTTP/1.1" 200 110
0:0:0:0:0:0:0:1 - - [21/Feb/2022:18:17:57 -0300] "GET /webapp/cabeceras-request HTTP/1.1" 404 716
0:0:0:0:0:0:0:1 - - [21/Feb/2022:18:17:59 -0300] "GET /webapp/cabeceras-request HTTP/1.1" 404 716
0:0:0:0:0:0:0:1 - - [21/Feb/2022:18:18:07 -0300] "GET /webapp/cabeceras-request HTTP/1.1" 404 716
0:0:0:0:0:0:0:1 - - [21/Feb/2022:18:18:11 -0300] "GET /webapp HTTP/1.1" 404 694
0:0:0:0:0:0:0:1 - - [21/Feb/2022:18:18:16 -0300] "GET /webapp/cabeceras-request HTTP/1.1" 404 716
0:0:0:0:0:0:0:1 - - [21/Feb/2022:18:19:01 -0300] "GET /webapp/cabeceras-request HTTP/1.1" 404 716
127.0.0.1 - admin [21/Feb/2022:18:19:12 -0300] "PUT /manager/text/deploy?path=%2Fwebapp&update=true HTTP/1.1" 200 110
0:0:0:0:0:0:0:1 - - [21/Feb/2022:18:19:14 -0300] "GET /webapp HTTP/1.1" 404 694
0:0:0:0:0:0:0:1 - - [21/Feb/2022:18:19:18 -0300] "GET /webapp/cabeceras-request HTTP/1.1" 404 716
127.0.0.1 - admin [21/Feb/2022:18:19:49 -0300] "PUT /manager/text/deploy?path=%2Fwebapp&update=true HTTP/1.1" 200 110
0:0:0:0:0:0:0:1 - - [21/Feb/2022:18:19:53 -0300] "GET /webapp/cabeceras-request HTTP/1.1" 404 716
127.0.0.1 - admin [21/Feb/2022:18:20:10 -0300] "PUT /manager/text/deploy?path=%2Fwebapp&update=true HTTP/1.1" 200 77
0:0:0:0:0:0:0:1 - - [21/Feb/2022:18:20:14 -0300] "GET /webapp HTTP/1.1" 302 -
0:0:0:0:0:0:0:1 - - [21/Feb/2022:18:20:14 -0300] "GET /webapp/ HTTP/1.1" 404 699
0:0:0:0:0:0:0:1 - - [21/Feb/2022:18:20:17 -0300] "GET /webapp/cabeceras-request HTTP/1.1" 200 498
127.0.0.1 - admin [21/Feb/2022:18:21:31 -0300] "PUT /manager/text/deploy?path=%2Fwebapp&update=true HTTP/1.1" 200 77
0:0:0:0:0:0:0:1 - - [21/Feb/2022:18:21:32 -0300] "GET /webapp HTTP/1.1" 302 -
0:0:0:0:0:0:0:1 - - [21/Feb/2022:18:21:32 -0300] "GET /webapp/ HTTP/1.1" 404 699
0:0:0:0:0:0:0:1 - - [21/Feb/2022:18:21:34 -0300] "GET /webapp/cabeceras-request HTTP/1.1" 200 629
127.0.0.1 - admin [21/Feb/2022:18:23:57 -0300] "PUT /manager/text/deploy?path=%2Fwebapp&update=true HTTP/1.1" 200 77
0:0:0:0:0:0:0:1 - - [21/Feb/2022:18:23:58 -0300] "GET /webapp/cabeceras-request HTTP/1.1" 200 1559
127.0.0.1 - admin [21/Feb/2022:18:26:00 -0300] "PUT /manager/text/deploy?path=%2Fwebapp&update=true HTTP/1.1" 200 77
0:0:0:0:0:0:0:1 - - [21/Feb/2022:18:26:06 -0300] "GET /webapp HTTP/1.1" 302 -
0:0:0:0:0:0:0:1 - - [21/Feb/2022:18:26:06 -0300] "GET /webapp/ HTTP/1.1" 200 197
0:0:0:0:0:0:0:1 - - [21/Feb/2022:18:26:07 -0300] "GET /webapp/cabeceras-request HTTP/1.1" 200 1580
127.0.0.1 - admin [21/Feb/2022:18:33:37 -0300] "PUT /manager/text/deploy?path=%2Fwebapp&update=true HTTP/1.1" 200 110
0:0:0:0:0:0:0:1 - - [21/Feb/2022:18:33:43 -0300] "GET /webapp/productos.xls HTTP/1.1" 404 712
127.0.0.1 - admin [21/Feb/2022:18:34:20 -0300] "PUT /manager/text/deploy?path=%2Fwebapp&update=true HTTP/1.1" 200 77
0:0:0:0:0:0:0:1 - - [21/Feb/2022:18:34:24 -0300] "GET /webapp HTTP/1.1" 302 -
0:0:0:0:0:0:0:1 - - [21/Feb/2022:18:34:24 -0300] "GET /webapp/ HTTP/1.1" 304 -
0:0:0:0:0:0:0:1 - - [21/Feb/2022:18:34:38 -0300] "GET /webapp/productos.xls HTTP/1.1" 200 501
127.0.0.1 - admin [21/Feb/2022:18:35:38 -0300] "PUT /manager/text/deploy?path=%2Fwebapp&update=true HTTP/1.1" 200 77
0:0:0:0:0:0:0:1 - - [21/Feb/2022:18:35:40 -0300] "GET /webapp/productos.xls HTTP/1.1" 200 513
127.0.0.1 - admin [21/Feb/2022:18:39:44 -0300] "PUT /manager/text/deploy?path=%2Fwebapp&update=true HTTP/1.1" 200 110
0:0:0:0:0:0:0:1 - - [21/Feb/2022:18:39:55 -0300] "GET /webapp/productos.xls HTTP/1.1" 404 712
0:0:0:0:0:0:0:1 - - [21/Feb/2022:18:40:13 -0300] "GET /webapp/productos.html HTTP/1.1" 404 713
0:0:0:0:0:0:0:1 - - [21/Feb/2022:18:40:40 -0300] "GET /webapp/productos.html HTTP/1.1" 404 713
127.0.0.1 - admin [21/Feb/2022:18:40:51 -0300] "PUT /manager/text/deploy?path=%2Fwebapp&update=true HTTP/1.1" 200 110
0:0:0:0:0:0:0:1 - - [21/Feb/2022:18:40:53 -0300] "GET /webapp/productos.html HTTP/1.1" 404 713
0:0:0:0:0:0:0:1 - - [21/Feb/2022:18:40:56 -0300] "GET /webapp HTTP/1.1" 404 694
127.0.0.1 - admin [21/Feb/2022:18:42:55 -0300] "PUT /manager/text/deploy?path=%2Fwebapp&update=true HTTP/1.1" 200 110
127.0.0.1 - admin [21/Feb/2022:18:43:57 -0300] "PUT /manager/text/deploy?path=%2Fwebapp&update=true HTTP/1.1" 200 110
127.0.0.1 - admin [21/Feb/2022:18:44:24 -0300] "PUT /manager/text/deploy?path=%2Fwebapp&update=true HTTP/1.1" 200 110
127.0.0.1 - admin [21/Feb/2022:18:44:42 -0300] "PUT /manager/text/deploy?path=%2Fwebapp&update=true HTTP/1.1" 200 77
127.0.0.1 - admin [21/Feb/2022:18:44:57 -0300] "PUT /manager/text/deploy?path=%2Fwebapp&update=true HTTP/1.1" 200 77
0:0:0:0:0:0:0:1 - - [21/Feb/2022:18:45:00 -0300] "GET /webapp HTTP/1.1" 302 -
0:0:0:0:0:0:0:1 - - [21/Feb/2022:18:45:00 -0300] "GET /webapp/ HTTP/1.1" 304 -
0:0:0:0:0:0:0:1 - - [21/Feb/2022:18:45:02 -0300] "GET /webapp/cabeceras-request HTTP/1.1" 200 1580
0:0:0:0:0:0:0:1 - - [21/Feb/2022:18:45:10 -0300] "GET /webapp/productos.html HTTP/1.1" 200 572
0:0:0:0:0:0:0:1 - - [21/Feb/2022:18:45:12 -0300] "GET /webapp/productos.xls HTTP/1.1" 200 353
127.0.0.1 - admin [21/Feb/2022:20:21:34 -0300] "PUT /manager/text/deploy?path=%2Fwebapp&update=true HTTP/1.1" 200 110
0:0:0:0:0:0:0:1 - - [21/Feb/2022:20:21:36 -0300] "GET /webapp HTTP/1.1" 404 694
0:0:0:0:0:0:0:1 - - [21/Feb/2022:20:21:40 -0300] "GET /webapp/ HTTP/1.1" 404 699
127.0.0.1 - admin [21/Feb/2022:20:21:55 -0300] "PUT /manager/text/deploy?path=%2Fwebapp&update=true HTTP/1.1" 200 77
0:0:0:0:0:0:0:1 - - [21/Feb/2022:20:21:59 -0300] "GET /webapp/ HTTP/1.1" 200 403
0:0:0:0:0:0:0:1 - - [21/Feb/2022:20:22:00 -0300] "GET /webapp/productos.json HTTP/1.1" 200 209
0:0:0:0:0:0:0:1 - - [21/Feb/2022:20:22:03 -0300] "GET /webapp/cabeceras-request HTTP/1.1" 200 1580
0:0:0:0:0:0:0:1 - - [21/Feb/2022:20:22:05 -0300] "GET /webapp/productos HTTP/1.1" 404 708
0:0:0:0:0:0:0:1 - - [21/Feb/2022:20:22:08 -0300] "GET /webapp/productos HTTP/1.1" 404 708
127.0.0.1 - admin [21/Feb/2022:20:22:23 -0300] "PUT /manager/text/deploy?path=%2Fwebapp&update=true HTTP/1.1" 200 77
0:0:0:0:0:0:0:1 - - [21/Feb/2022:20:22:26 -0300] "GET /webapp/productos HTTP/1.1" 404 708
0:0:0:0:0:0:0:1 - - [21/Feb/2022:20:22:30 -0300] "GET /webapp/productos HTTP/1.1" 404 708
0:0:0:0:0:0:0:1 - - [21/Feb/2022:20:22:33 -0300] "GET /webapp/productos.html HTTP/1.1" 200 622
0:0:0:0:0:0:0:1 - - [21/Feb/2022:20:22:41 -0300] "GET /webapp/ HTTP/1.1" 200 408
0:0:0:0:0:0:0:1 - - [21/Feb/2022:20:22:43 -0300] "GET /webapp/productos.html HTTP/1.1" 200 622
0:0:0:0:0:0:0:1 - - [21/Feb/2022:20:28:31 -0300] "GET /webapp HTTP/1.1" 302 -
0:0:0:0:0:0:0:1 - - [21/Feb/2022:20:28:31 -0300] "GET /webapp/ HTTP/1.1" 200 408
0:0:0:0:0:0:0:1 - - [21/Feb/2022:20:28:50 -0300] "GET /webapp/productos.json HTTP/1.1" 200 209
0:0:0:0:0:0:0:1 - - [21/Feb/2022:20:29:20 -0300] "POST /webapp/productos.json HTTP/1.1" 405 727
127.0.0.1 - admin [21/Feb/2022:20:29:43 -0300] "PUT /manager/text/deploy?path=%2Fwebapp&update=true HTTP/1.1" 200 77
0:0:0:0:0:0:0:1 - - [21/Feb/2022:20:29:47 -0300] "POST /webapp/productos.json HTTP/1.1" 200 294
127.0.0.1 - admin [21/Feb/2022:20:32:23 -0300] "PUT /manager/text/deploy?path=%2Fwebapp&update=true HTTP/1.1" 200 77
0:0:0:0:0:0:0:1 - - [21/Feb/2022:20:32:25 -0300] "GET /webapp HTTP/1.1" 302 -
0:0:0:0:0:0:0:1 - - [21/Feb/2022:20:32:25 -0300] "GET /webapp/ HTTP/1.1" 200 478
0:0:0:0:0:0:0:1 - - [21/Feb/2022:20:32:27 -0300] "GET /webapp/hora-actualizada HTTP/1.1" 200 177
0:0:0:0:0:0:0:1 - - [21/Feb/2022:20:32:28 -0300] "GET /webapp/hora-actualizada HTTP/1.1" 200 177
0:0:0:0:0:0:0:1 - - [21/Feb/2022:20:32:29 -0300] "GET /webapp/hora-actualizada HTTP/1.1" 200 177
0:0:0:0:0:0:0:1 - - [21/Feb/2022:20:32:30 -0300] "GET /webapp/hora-actualizada HTTP/1.1" 200 177
0:0:0:0:0:0:0:1 - - [21/Feb/2022:20:32:31 -0300] "GET /webapp/hora-actualizada HTTP/1.1" 200 177
0:0:0:0:0:0:0:1 - - [21/Feb/2022:20:32:32 -0300] "GET /webapp/hora-actualizada HTTP/1.1" 200 177
0:0:0:0:0:0:0:1 - - [21/Feb/2022:20:32:33 -0300] "GET /webapp/hora-actualizada HTTP/1.1" 200 177
0:0:0:0:0:0:0:1 - - [21/Feb/2022:20:32:34 -0300] "GET /webapp/hora-actualizada HTTP/1.1" 200 177
0:0:0:0:0:0:0:1 - - [21/Feb/2022:20:32:35 -0300] "GET /webapp/hora-actualizada HTTP/1.1" 200 177
0:0:0:0:0:0:0:1 - - [21/Feb/2022:20:32:36 -0300] "GET /webapp/hora-actualizada HTTP/1.1" 200 177
0:0:0:0:0:0:0:1 - - [21/Feb/2022:20:32:38 -0300] "GET /webapp/hora-actualizada HTTP/1.1" 200 177
0:0:0:0:0:0:0:1 - - [21/Feb/2022:20:32:39 -0300] "GET /webapp/hora-actualizada HTTP/1.1" 200 177
0:0:0:0:0:0:0:1 - - [21/Feb/2022:20:32:40 -0300] "GET /webapp/hora-actualizada HTTP/1.1" 200 177
0:0:0:0:0:0:0:1 - - [21/Feb/2022:20:32:41 -0300] "GET /webapp/hora-actualizada HTTP/1.1" 200 177
0:0:0:0:0:0:0:1 - - [21/Feb/2022:20:32:42 -0300] "GET /webapp/hora-actualizada HTTP/1.1" 200 177
0:0:0:0:0:0:0:1 - - [21/Feb/2022:20:32:43 -0300] "GET /webapp/hora-actualizada HTTP/1.1" 200 177
0:0:0:0:0:0:0:1 - - [21/Feb/2022:20:32:44 -0300] "GET /webapp/hora-actualizada HTTP/1.1" 200 177
0:0:0:0:0:0:0:1 - - [21/Feb/2022:20:32:45 -0300] "GET /webapp/hora-actualizada HTTP/1.1" 200 177
0:0:0:0:0:0:0:1 - - [21/Feb/2022:20:32:46 -0300] "GET /webapp/hora-actualizada HTTP/1.1" 200 177
0:0:0:0:0:0:0:1 - - [21/Feb/2022:20:32:47 -0300] "GET /webapp/hora-actualizada HTTP/1.1" 200 177
0:0:0:0:0:0:0:1 - - [21/Feb/2022:20:32:48 -0300] "GET /webapp/hora-actualizada HTTP/1.1" 200 177
0:0:0:0:0:0:0:1 - - [21/Feb/2022:20:32:50 -0300] "GET /webapp/hora-actualizada HTTP/1.1" 200 177
0:0:0:0:0:0:0:1 - - [21/Feb/2022:20:32:51 -0300] "GET /webapp/hora-actualizada HTTP/1.1" 200 177
0:0:0:0:0:0:0:1 - - [21/Feb/2022:20:32:52 -0300] "GET /webapp/hora-actualizada HTTP/1.1" 200 177
0:0:0:0:0:0:0:1 - - [21/Feb/2022:20:32:53 -0300] "GET /webapp/hora-actualizada HTTP/1.1" 200 177
0:0:0:0:0:0:0:1 - - [21/Feb/2022:20:32:54 -0300] "GET /webapp/hora-actualizada HTTP/1.1" 200 177
0:0:0:0:0:0:0:1 - - [21/Feb/2022:20:32:55 -0300] "GET /webapp/hora-actualizada HTTP/1.1" 200 177
0:0:0:0:0:0:0:1 - - [21/Feb/2022:20:32:56 -0300] "GET /webapp/hora-actualizada HTTP/1.1" 200 177
0:0:0:0:0:0:0:1 - - [21/Feb/2022:20:32:57 -0300] "GET /webapp/hora-actualizada HTTP/1.1" 200 177
0:0:0:0:0:0:0:1 - - [21/Feb/2022:20:32:58 -0300] "GET /webapp/hora-actualizada HTTP/1.1" 200 177
0:0:0:0:0:0:0:1 - - [21/Feb/2022:20:32:59 -0300] "GET /webapp/hora-actualizada HTTP/1.1" 200 177
0:0:0:0:0:0:0:1 - - [21/Feb/2022:20:33:00 -0300] "GET /webapp/hora-actualizada HTTP/1.1" 200 177
0:0:0:0:0:0:0:1 - - [21/Feb/2022:20:33:01 -0300] "GET /webapp/hora-actualizada HTTP/1.1" 200 177
0:0:0:0:0:0:0:1 - - [21/Feb/2022:20:33:03 -0300] "GET /webapp/hora-actualizada HTTP/1.1" 200 177
0:0:0:0:0:0:0:1 - - [21/Feb/2022:20:33:04 -0300] "GET /webapp/hora-actualizada HTTP/1.1" 200 177
0:0:0:0:0:0:0:1 - - [21/Feb/2022:20:33:05 -0300] "GET /webapp/hora-actualizada HTTP/1.1" 200 177
0:0:0:0:0:0:0:1 - - [21/Feb/2022:20:33:06 -0300] "GET /webapp/hora-actualizada HTTP/1.1" 200 177
0:0:0:0:0:0:0:1 - - [21/Feb/2022:20:33:07 -0300] "GET /webapp/hora-actualizada HTTP/1.1" 200 177
0:0:0:0:0:0:0:1 - - [21/Feb/2022:20:33:08 -0300] "GET /webapp/hora-actualizada HTTP/1.1" 200 177
0:0:0:0:0:0:0:1 - - [21/Feb/2022:20:33:09 -0300] "GET /webapp/hora-actualizada HTTP/1.1" 200 177
0:0:0:0:0:0:0:1 - - [21/Feb/2022:20:33:10 -0300] "GET /webapp/hora-actualizada HTTP/1.1" 200 177
0:0:0:0:0:0:0:1 - - [21/Feb/2022:20:33:11 -0300] "GET /webapp/hora-actualizada HTTP/1.1" 200 177
0:0:0:0:0:0:0:1 - - [21/Feb/2022:20:33:12 -0300] "GET /webapp/hora-actualizada HTTP/1.1" 200 177
0:0:0:0:0:0:0:1 - - [21/Feb/2022:20:33:13 -0300] "GET /webapp/hora-actualizada HTTP/1.1" 200 177
0:0:0:0:0:0:0:1 - - [21/Feb/2022:20:33:14 -0300] "GET /webapp/hora-actualizada HTTP/1.1" 200 177
0:0:0:0:0:0:0:1 - - [21/Feb/2022:20:33:16 -0300] "GET /webapp/hora-actualizada HTTP/1.1" 200 177
0:0:0:0:0:0:0:1 - - [21/Feb/2022:20:33:17 -0300] "GET /webapp/hora-actualizada HTTP/1.1" 200 177
0:0:0:0:0:0:0:1 - - [21/Feb/2022:20:33:18 -0300] "GET /webapp/hora-actualizada HTTP/1.1" 200 177
0:0:0:0:0:0:0:1 - - [21/Feb/2022:20:33:19 -0300] "GET /webapp/hora-actualizada HTTP/1.1" 200 177
0:0:0:0:0:0:0:1 - - [21/Feb/2022:20:33:20 -0300] "GET /webapp/hora-actualizada HTTP/1.1" 200 177
0:0:0:0:0:0:0:1 - - [21/Feb/2022:20:33:21 -0300] "GET /webapp/hora-actualizada HTTP/1.1" 200 177
0:0:0:0:0:0:0:1 - - [21/Feb/2022:20:33:22 -0300] "GET /webapp/hora-actualizada HTTP/1.1" 200 177
0:0:0:0:0:0:0:1 - - [21/Feb/2022:20:33:23 -0300] "GET /webapp/hora-actualizada HTTP/1.1" 200 177
0:0:0:0:0:0:0:1 - - [21/Feb/2022:20:33:24 -0300] "GET /webapp/hora-actualizada HTTP/1.1" 200 177
0:0:0:0:0:0:0:1 - - [21/Feb/2022:20:33:26 -0300] "GET /webapp/hora-actualizada HTTP/1.1" 200 177
0:0:0:0:0:0:0:1 - - [21/Feb/2022:20:33:27 -0300] "GET /webapp/hora-actualizada HTTP/1.1" 200 177
0:0:0:0:0:0:0:1 - - [21/Feb/2022:20:33:28 -0300] "GET /webapp/hora-actualizada HTTP/1.1" 200 177
0:0:0:0:0:0:0:1 - - [21/Feb/2022:20:33:29 -0300] "GET /webapp/hora-actualizada HTTP/1.1" 200 177
0:0:0:0:0:0:0:1 - - [21/Feb/2022:20:33:30 -0300] "GET /webapp/hora-actualizada HTTP/1.1" 200 177
0:0:0:0:0:0:0:1 - - [21/Feb/2022:20:33:31 -0300] "GET /webapp/hora-actualizada HTTP/1.1" 200 177
0:0:0:0:0:0:0:1 - - [21/Feb/2022:20:33:32 -0300] "GET /webapp/hora-actualizada HTTP/1.1" 200 177
0:0:0:0:0:0:0:1 - - [21/Feb/2022:20:33:33 -0300] "GET /webapp/hora-actualizada HTTP/1.1" 200 177
0:0:0:0:0:0:0:1 - - [21/Feb/2022:20:33:34 -0300] "GET /webapp/hora-actualizada HTTP/1.1" 200 177
0:0:0:0:0:0:0:1 - - [21/Feb/2022:20:33:35 -0300] "GET /webapp/hora-actualizada HTTP/1.1" 200 177
0:0:0:0:0:0:0:1 - - [21/Feb/2022:20:33:36 -0300] "GET /webapp/hora-actualizada HTTP/1.1" 200 177
0:0:0:0:0:0:0:1 - - [21/Feb/2022:20:33:37 -0300] "GET /webapp/hora-actualizada HTTP/1.1" 200 177
0:0:0:0:0:0:0:1 - - [21/Feb/2022:20:33:39 -0300] "GET /webapp/hora-actualizada HTTP/1.1" 200 177
0:0:0:0:0:0:0:1 - - [21/Feb/2022:20:33:40 -0300] "GET /webapp/hora-actualizada HTTP/1.1" 200 177
0:0:0:0:0:0:0:1 - - [21/Feb/2022:20:33:41 -0300] "GET /webapp/hora-actualizada HTTP/1.1" 200 177
0:0:0:0:0:0:0:1 - - [21/Feb/2022:20:33:42 -0300] "GET /webapp/hora-actualizada HTTP/1.1" 200 177
0:0:0:0:0:0:0:1 - - [21/Feb/2022:20:33:43 -0300] "GET /webapp/hora-actualizada HTTP/1.1" 200 177
0:0:0:0:0:0:0:1 - - [21/Feb/2022:20:33:44 -0300] "GET /webapp/hora-actualizada HTTP/1.1" 200 177
0:0:0:0:0:0:0:1 - - [21/Feb/2022:20:33:45 -0300] "GET /webapp/hora-actualizada HTTP/1.1" 200 177
0:0:0:0:0:0:0:1 - - [21/Feb/2022:20:33:46 -0300] "GET /webapp/hora-actualizada HTTP/1.1" 200 177
0:0:0:0:0:0:0:1 - - [21/Feb/2022:20:33:47 -0300] "GET /webapp/hora-actualizada HTTP/1.1" 200 177
0:0:0:0:0:0:0:1 - - [21/Feb/2022:20:33:49 -0300] "GET /webapp/hora-actualizada HTTP/1.1" 200 177
0:0:0:0:0:0:0:1 - - [21/Feb/2022:20:33:50 -0300] "GET /webapp/hora-actualizada HTTP/1.1" 200 177
0:0:0:0:0:0:0:1 - - [21/Feb/2022:20:33:51 -0300] "GET /webapp/hora-actualizada HTTP/1.1" 200 177
0:0:0:0:0:0:0:1 - - [21/Feb/2022:20:33:52 -0300] "GET /webapp/hora-actualizada HTTP/1.1" 200 177
0:0:0:0:0:0:0:1 - - [21/Feb/2022:20:33:53 -0300] "GET /webapp/hora-actualizada HTTP/1.1" 200 177
0:0:0:0:0:0:0:1 - - [21/Feb/2022:20:33:54 -0300] "GET /webapp/hora-actualizada HTTP/1.1" 200 177
0:0:0:0:0:0:0:1 - - [21/Feb/2022:20:33:55 -0300] "GET /webapp/hora-actualizada HTTP/1.1" 200 177
0:0:0:0:0:0:0:1 - - [21/Feb/2022:20:33:56 -0300] "GET /webapp/hora-actualizada HTTP/1.1" 200 177
0:0:0:0:0:0:0:1 - - [21/Feb/2022:20:33:57 -0300] "GET /webapp/hora-actualizada HTTP/1.1" 200 177
0:0:0:0:0:0:0:1 - - [21/Feb/2022:20:33:58 -0300] "GET /webapp/hora-actualizada HTTP/1.1" 200 177
0:0:0:0:0:0:0:1 - - [21/Feb/2022:20:33:59 -0300] "GET /webapp/hora-actualizada HTTP/1.1" 200 177
0:0:0:0:0:0:0:1 - - [21/Feb/2022:20:34:00 -0300] "GET /webapp/hora-actualizada HTTP/1.1" 200 177
0:0:0:0:0:0:0:1 - - [21/Feb/2022:20:34:02 -0300] "GET /webapp/hora-actualizada HTTP/1.1" 200 177
0:0:0:0:0:0:0:1 - - [21/Feb/2022:20:34:03 -0300] "GET /webapp/hora-actualizada HTTP/1.1" 200 177
0:0:0:0:0:0:0:1 - - [21/Feb/2022:20:34:04 -0300] "GET /webapp/hora-actualizada HTTP/1.1" 200 177
0:0:0:0:0:0:0:1 - - [21/Feb/2022:20:34:05 -0300] "GET /webapp/hora-actualizada HTTP/1.1" 200 177
127.0.0.1 - admin [21/Feb/2022:20:34:06 -0300] "PUT /manager/text/deploy?path=%2Fwebapp&update=true HTTP/1.1" 200 77
0:0:0:0:0:0:0:1 - - [21/Feb/2022:20:34:06 -0300] "GET /webapp/hora-actualizada HTTP/1.1" 200 177
0:0:0:0:0:0:0:1 - - [21/Feb/2022:20:34:07 -0300] "GET /webapp HTTP/1.1" 302 -
0:0:0:0:0:0:0:1 - - [21/Feb/2022:20:34:07 -0300] "GET /webapp/ HTTP/1.1" 200 534
0:0:0:0:0:0:0:1 - - [21/Feb/2022:20:34:08 -0300] "GET /webapp/redirigir HTTP/1.1" 302 -
0:0:0:0:0:0:0:1 - - [21/Feb/2022:20:34:08 -0300] "GET /webapp/productos.html HTTP/1.1" 200 622
0:0:0:0:0:0:0:1 - - [21/Feb/2022:20:36:33 -0300] "GET /webapp/ HTTP/1.1" 304 -
127.0.0.1 - admin [21/Feb/2022:20:36:34 -0300] "PUT /manager/text/deploy?path=%2Fwebapp&update=true HTTP/1.1" 200 77
0:0:0:0:0:0:0:1 - - [21/Feb/2022:20:36:35 -0300] "GET /webapp/ HTTP/1.1" 200 590
0:0:0:0:0:0:0:1 - - [21/Feb/2022:20:36:36 -0300] "GET /webapp/redirigir HTTP/1.1" 302 -
0:0:0:0:0:0:0:1 - - [21/Feb/2022:20:36:36 -0300] "GET /webapp/productos.html HTTP/1.1" 200 622
0:0:0:0:0:0:0:1 - - [21/Feb/2022:20:36:40 -0300] "GET /webapp/despachar HTTP/1.1" 200 622
127.0.0.1 - admin [21/Feb/2022:21:04:56 -0300] "PUT /manager/text/deploy?path=%2Fwebapp&update=true HTTP/1.1" 200 77
0:0:0:0:0:0:0:1 - - [21/Feb/2022:21:05:01 -0300] "GET /webapp HTTP/1.1" 302 -
0:0:0:0:0:0:0:1 - - [21/Feb/2022:21:05:01 -0300] "GET /webapp/ HTTP/1.1" 200 643
0:0:0:0:0:0:0:1 - - [21/Feb/2022:21:05:02 -0300] "GET /webapp/login.html HTTP/1.1" 200 625
0:0:0:0:0:0:0:1 - - [21/Feb/2022:21:05:06 -0300] "POST /webapp/login HTTP/1.1" 401 693
0:0:0:0:0:0:0:1 - - [21/Feb/2022:21:05:22 -0300] "POST /webapp/login HTTP/1.1" 200 190
127.0.0.1 - admin [21/Feb/2022:21:09:59 -0300] "PUT /manager/text/deploy?path=%2Fwebapp&update=true HTTP/1.1" 200 77
127.0.0.1 - admin [21/Feb/2022:21:10:19 -0300] "PUT /manager/text/deploy?path=%2Fwebapp&update=true HTTP/1.1" 200 77
0:0:0:0:0:0:0:1 - - [21/Feb/2022:21:10:20 -0300] "GET /webapp HTTP/1.1" 302 -
0:0:0:0:0:0:0:1 - - [21/Feb/2022:21:10:20 -0300] "GET /webapp/ HTTP/1.1" 200 707
0:0:0:0:0:0:0:1 - - [21/Feb/2022:21:10:24 -0300] "GET /webapp/buscar.html HTTP/1.1" 200 472
0:0:0:0:0:0:0:1 - - [21/Feb/2022:21:10:26 -0300] "POST /webapp/buscar-producto HTTP/1.1" 200 216
0:0:0:0:0:0:0:1 - - [21/Feb/2022:21:10:31 -0300] "POST /webapp/buscar-producto HTTP/1.1" 200 216
0:0:0:0:0:0:0:1 - - [21/Feb/2022:21:10:35 -0300] "POST /webapp/buscar-producto HTTP/1.1" 404 678
127.0.0.1 - admin [21/Feb/2022:21:11:35 -0300] "PUT /manager/text/deploy?path=%2Fwebapp&update=true HTTP/1.1" 200 77
0:0:0:0:0:0:0:1 - - [21/Feb/2022:21:11:38 -0300] "GET /webapp/buscar-producto HTTP/1.1" 405 726
0:0:0:0:0:0:0:1 - - [21/Feb/2022:21:11:44 -0300] "POST /webapp/buscar-producto HTTP/1.1" 404 672
0:0:0:0:0:0:0:1 - - [21/Feb/2022:21:11:49 -0300] "POST /webapp/buscar-producto HTTP/1.1" 404 681
0:0:0:0:0:0:0:1 - - [21/Feb/2022:21:11:54 -0300] "POST /webapp/buscar-producto HTTP/1.1" 200 216
127.0.0.1 - admin [21/Feb/2022:22:14:39 -0300] "PUT /manager/text/deploy?path=%2Fwebapp&update=true HTTP/1.1" 200 110
127.0.0.1 - admin [21/Feb/2022:22:15:40 -0300] "PUT /manager/text/deploy?path=%2Fwebapp&update=true HTTP/1.1" 200 110
127.0.0.1 - admin [21/Feb/2022:22:17:07 -0300] "PUT /manager/text/deploy?path=%2Fwebapp&update=true HTTP/1.1" 200 77
0:0:0:0:0:0:0:1 - - [21/Feb/2022:22:17:14 -0300] "GET /webapp HTTP/1.1" 302 -
0:0:0:0:0:0:0:1 - - [21/Feb/2022:22:17:14 -0300] "GET /webapp/ HTTP/1.1" 200 264
0:0:0:0:0:0:0:1 - - [21/Feb/2022:22:17:19 -0300] "GET /webapp/login.html HTTP/1.1" 304 -
0:0:0:0:0:0:0:1 - - [21/Feb/2022:22:17:26 -0300] "POST /webapp/login HTTP/1.1" 200 190
127.0.0.1 - admin [21/Feb/2022:22:31:39 -0300] "PUT /manager/text/deploy?path=%2Fwebapp&update=true HTTP/1.1" 200 77
0:0:0:0:0:0:0:1 - - [21/Feb/2022:22:31:42 -0300] "GET /webapp/login.html HTTP/1.1" 200 195
127.0.0.1 - admin [21/Feb/2022:22:37:30 -0300] "PUT /manager/text/deploy?path=%2Fwebapp&update=true HTTP/1.1" 200 77
0:0:0:0:0:0:0:1 - - [21/Feb/2022:22:37:34 -0300] "GET /webapp HTTP/1.1" 302 -
0:0:0:0:0:0:0:1 - - [21/Feb/2022:22:37:34 -0300] "GET /webapp/ HTTP/1.1" 304 -
0:0:0:0:0:0:0:1 - - [21/Feb/2022:22:37:35 -0300] "GET /webapp/login.html HTTP/1.1" 200 246
0:0:0:0:0:0:0:1 - - [21/Feb/2022:22:37:37 -0300] "GET /webapp/index.html HTTP/1.1" 200 264
0:0:0:0:0:0:0:1 - - [21/Feb/2022:22:37:38 -0300] "GET /webapp/productos.html HTTP/1.1" 200 569
0:0:0:0:0:0:0:1 - - [21/Feb/2022:22:37:51 -0300] "GET /webapp/login.html HTTP/1.1" 200 246
0:0:0:0:0:0:0:1 - - [21/Feb/2022:22:38:03 -0300] "GET /webapp/login.html HTTP/1.1" 200 627
0:0:0:0:0:0:0:1 - - [21/Feb/2022:22:38:07 -0300] "POST /webapp/login HTTP/1.1" 200 238
0:0:0:0:0:0:0:1 - - [21/Feb/2022:22:38:10 -0300] "GET /webapp/productos.html HTTP/1.1" 200 569
0:0:0:0:0:0:0:1 - - [21/Feb/2022:22:38:24 -0300] "GET /webapp/productos.html HTTP/1.1" 200 446
127.0.0.1 - admin [21/Feb/2022:22:42:55 -0300] "PUT /manager/text/deploy?path=%2Fwebapp&update=true HTTP/1.1" 200 77
0:0:0:0:0:0:0:1 - - [21/Feb/2022:22:42:59 -0300] "GET /webapp HTTP/1.1" 302 -
0:0:0:0:0:0:0:1 - - [21/Feb/2022:22:42:59 -0300] "GET /webapp/ HTTP/1.1" 200 314
0:0:0:0:0:0:0:1 - - [21/Feb/2022:22:43:00 -0300] "GET /webapp/logout HTTP/1.1" 302 -
0:0:0:0:0:0:0:1 - - [21/Feb/2022:22:43:00 -0300] "GET /webapp/login.html HTTP/1.1" 200 627
0:0:0:0:0:0:0:1 - - [21/Feb/2022:22:43:06 -0300] "POST /webapp/login HTTP/1.1" 302 -
0:0:0:0:0:0:0:1 - - [21/Feb/2022:22:43:06 -0300] "GET /webapp/login.html HTTP/1.1" 200 299
0:0:0:0:0:0:0:1 - - [21/Feb/2022:22:43:08 -0300] "GET /webapp/index.html HTTP/1.1" 200 314
0:0:0:0:0:0:0:1 - - [21/Feb/2022:22:43:09 -0300] "GET /webapp/login.html HTTP/1.1" 200 299
0:0:0:0:0:0:0:1 - - [21/Feb/2022:22:43:10 -0300] "GET /webapp/index.html HTTP/1.1" 304 -
0:0:0:0:0:0:0:1 - - [21/Feb/2022:22:43:11 -0300] "GET /webapp/productos.html HTTP/1.1" 200 569
0:0:0:0:0:0:0:1 - - [21/Feb/2022:22:43:14 -0300] "GET /webapp/login.html HTTP/1.1" 200 299
0:0:0:0:0:0:0:1 - - [21/Feb/2022:22:43:15 -0300] "GET /webapp/logout.html HTTP/1.1" 404 710
127.0.0.1 - admin [21/Feb/2022:22:43:55 -0300] "PUT /manager/text/deploy?path=%2Fwebapp&update=true HTTP/1.1" 200 77
0:0:0:0:0:0:0:1 - - [21/Feb/2022:22:44:03 -0300] "GET /webapp/index.html HTTP/1.1" 304 -
0:0:0:0:0:0:0:1 - - [21/Feb/2022:22:44:05 -0300] "GET /webapp/login.html HTTP/1.1" 200 294
0:0:0:0:0:0:0:1 - - [21/Feb/2022:22:44:08 -0300] "GET /webapp/logout HTTP/1.1" 302 -
0:0:0:0:0:0:0:1 - - [21/Feb/2022:22:44:08 -0300] "GET /webapp/login.html HTTP/1.1" 200 627
0:0:0:0:0:0:0:1 - - [21/Feb/2022:22:44:14 -0300] "GET /webapp/logout HTTP/1.1" 302 -
0:0:0:0:0:0:0:1 - - [21/Feb/2022:22:44:14 -0300] "GET /webapp/login.html HTTP/1.1" 200 627
0:0:0:0:0:0:0:1 - - [21/Feb/2022:22:44:16 -0300] "GET /webapp/productos.html HTTP/1.1" 200 446
127.0.0.1 - admin [21/Feb/2022:23:03:30 -0300] "PUT /manager/text/deploy?path=%2Fwebapp&update=true HTTP/1.1" 200 77
0:0:0:0:0:0:0:1 - - [21/Feb/2022:23:03:35 -0300] "GET /webapp/ HTTP/1.1" 304 -
0:0:0:0:0:0:0:1 - - [21/Feb/2022:23:04:05 -0300] "GET /webapp/login.html HTTP/1.1" 200 627
0:0:0:0:0:0:0:1 - - [21/Feb/2022:23:04:10 -0300] "POST /webapp/login HTTP/1.1" 302 -
0:0:0:0:0:0:0:1 - - [21/Feb/2022:23:04:10 -0300] "GET /webapp/login.html HTTP/1.1" 200 294
0:0:0:0:0:0:0:1 - - [21/Feb/2022:23:04:12 -0300] "GET /webapp/index.html HTTP/1.1" 304 -
0:0:0:0:0:0:0:1 - - [21/Feb/2022:23:04:14 -0300] "GET /webapp/productos.html HTTP/1.1" 200 569
0:0:0:0:0:0:0:1 - - [21/Feb/2022:23:04:19 -0300] "GET /webapp/login.html HTTP/1.1" 200 294
0:0:0:0:0:0:0:1 - - [21/Feb/2022:23:04:21 -0300] "GET /webapp/logout HTTP/1.1" 302 -
0:0:0:0:0:0:0:1 - - [21/Feb/2022:23:04:21 -0300] "GET /webapp/login.html HTTP/1.1" 200 627
0:0:0:0:0:0:0:1 - - [21/Feb/2022:23:04:26 -0300] "GET /webapp/logout HTTP/1.1" 302 -
0:0:0:0:0:0:0:1 - - [21/Feb/2022:23:04:26 -0300] "GET /webapp/login.html HTTP/1.1" 200 627
127.0.0.1 - admin [21/Feb/2022:23:38:44 -0300] "PUT /manager/text/deploy?path=%2Fwebapp&update=true HTTP/1.1" 200 77
0:0:0:0:0:0:0:1 - - [21/Feb/2022:23:38:49 -0300] "GET /webapp/ HTTP/1.1" 200 370
0:0:0:0:0:0:0:1 - - [21/Feb/2022:23:38:51 -0300] "GET /webapp/login.html HTTP/1.1" 200 627
0:0:0:0:0:0:0:1 - - [21/Feb/2022:23:38:57 -0300] "POST /webapp/login HTTP/1.1" 302 -
0:0:0:0:0:0:0:1 - - [21/Feb/2022:23:38:57 -0300] "GET /webapp/login.html HTTP/1.1" 200 294
0:0:0:0:0:0:0:1 - - [21/Feb/2022:23:38:58 -0300] "GET /webapp/index.html HTTP/1.1" 200 370
0:0:0:0:0:0:0:1 - - [21/Feb/2022:23:39:01 -0300] "GET /webapp/ver-carro HTTP/1.1" 500 3154
127.0.0.1 - admin [21/Feb/2022:23:39:31 -0300] "PUT /manager/text/deploy?path=%2Fwebapp&update=true HTTP/1.1" 200 77
0:0:0:0:0:0:0:1 - - [21/Feb/2022:23:39:35 -0300] "GET /webapp HTTP/1.1" 302 -
0:0:0:0:0:0:0:1 - - [21/Feb/2022:23:39:35 -0300] "GET /webapp/ HTTP/1.1" 304 -
0:0:0:0:0:0:0:1 - - [21/Feb/2022:23:39:36 -0300] "GET /webapp/login.html HTTP/1.1" 200 294
0:0:0:0:0:0:0:1 - - [21/Feb/2022:23:39:39 -0300] "GET /webapp/index.html HTTP/1.1" 304 -
0:0:0:0:0:0:0:1 - - [21/Feb/2022:23:39:41 -0300] "GET /webapp/productos.html HTTP/1.1" 200 791
0:0:0:0:0:0:0:1 - - [21/Feb/2022:23:39:44 -0300] "GET /webapp/ver-carro HTTP/1.1" 500 3154
0:0:0:0:0:0:0:1 - - [21/Feb/2022:23:39:52 -0300] "GET /webapp/productos.html HTTP/1.1" 200 791
0:0:0:0:0:0:0:1 - - [21/Feb/2022:23:39:53 -0300] "GET /webapp/agregar-carro?id=1 HTTP/1.1" 302 -
0:0:0:0:0:0:0:1 - - [21/Feb/2022:23:39:53 -0300] "GET /webapp/ver-carro HTTP/1.1" 200 703
0:0:0:0:0:0:0:1 - - [21/Feb/2022:23:39:55 -0300] "GET /webapp/productos HTTP/1.1" 404 708
127.0.0.1 - admin [21/Feb/2022:23:40:14 -0300] "PUT /manager/text/deploy?path=%2Fwebapp&update=true HTTP/1.1" 200 77
0:0:0:0:0:0:0:1 - - [21/Feb/2022:23:40:14 -0300] "GET /webapp/productos HTTP/1.1" 404 708
0:0:0:0:0:0:0:1 - - [21/Feb/2022:23:40:18 -0300] "GET /webapp/logout HTTP/1.1" 302 -
0:0:0:0:0:0:0:1 - - [21/Feb/2022:23:40:18 -0300] "GET /webapp/login.html HTTP/1.1" 200 627
0:0:0:0:0:0:0:1 - - [21/Feb/2022:23:40:23 -0300] "POST /webapp/login HTTP/1.1" 302 -
0:0:0:0:0:0:0:1 - - [21/Feb/2022:23:40:23 -0300] "GET /webapp/login.html HTTP/1.1" 200 294
0:0:0:0:0:0:0:1 - - [21/Feb/2022:23:40:24 -0300] "GET /webapp/index.html HTTP/1.1" 304 -
0:0:0:0:0:0:0:1 - - [21/Feb/2022:23:40:25 -0300] "GET /webapp/productos.html HTTP/1.1" 200 791
0:0:0:0:0:0:0:1 - - [21/Feb/2022:23:40:26 -0300] "GET /webapp/agregar-carro?id=1 HTTP/1.1" 302 -
0:0:0:0:0:0:0:1 - - [21/Feb/2022:23:40:26 -0300] "GET /webapp/ver-carro HTTP/1.1" 200 708
0:0:0:0:0:0:0:1 - - [21/Feb/2022:23:40:27 -0300] "GET /webapp/productos.html HTTP/1.1" 200 791
0:0:0:0:0:0:0:1 - - [21/Feb/2022:23:40:29 -0300] "GET /webapp/agregar-carro?id=1 HTTP/1.1" 302 -
0:0:0:0:0:0:0:1 - - [21/Feb/2022:23:40:29 -0300] "GET /webapp/ver-carro HTTP/1.1" 200 708
0:0:0:0:0:0:0:1 - - [21/Feb/2022:23:40:30 -0300] "GET /webapp/productos.html HTTP/1.1" 200 791
0:0:0:0:0:0:0:1 - - [21/Feb/2022:23:40:31 -0300] "GET /webapp/agregar-carro?id=2 HTTP/1.1" 302 -
0:0:0:0:0:0:0:1 - - [21/Feb/2022:23:40:31 -0300] "GET /webapp/ver-carro HTTP/1.1" 200 859
0:0:0:0:0:0:0:1 - - [21/Feb/2022:23:40:33 -0300] "GET /webapp/ver-carro HTTP/1.1" 200 859
0:0:0:0:0:0:0:1 - - [21/Feb/2022:23:40:38 -0300] "GET /webapp/ver-carro HTTP/1.1" 200 859
0:0:0:0:0:0:0:1 - - [21/Feb/2022:23:40:40 -0300] "GET /webapp/productos.html HTTP/1.1" 200 791
0:0:0:0:0:0:0:1 - - [21/Feb/2022:23:40:42 -0300] "GET /webapp/agregar-carro?id=3 HTTP/1.1" 302 -
0:0:0:0:0:0:0:1 - - [21/Feb/2022:23:40:42 -0300] "GET /webapp/ver-carro HTTP/1.1" 200 1009
0:0:0:0:0:0:0:1 - - [21/Feb/2022:23:40:44 -0300] "GET /webapp/logout HTTP/1.1" 302 -
0:0:0:0:0:0:0:1 - - [21/Feb/2022:23:40:44 -0300] "GET /webapp/login.html HTTP/1.1" 200 627
0:0:0:0:0:0:0:1 - - [21/Feb/2022:23:40:52 -0300] "POST /webapp/login HTTP/1.1" 302 -
0:0:0:0:0:0:0:1 - - [21/Feb/2022:23:40:52 -0300] "GET /webapp/login.html HTTP/1.1" 200 294
0:0:0:0:0:0:0:1 - - [21/Feb/2022:23:40:54 -0300] "GET /webapp/ver-carro HTTP/1.1" 200 1009
0:0:0:0:0:0:0:1 - - [21/Feb/2022:23:40:57 -0300] "GET /webapp/productos.html HTTP/1.1" 200 791
127.0.0.1 - admin [21/Feb/2022:23:41:28 -0300] "PUT /manager/text/deploy?path=%2Fwebapp&update=true HTTP/1.1" 200 77
0:0:0:0:0:0:0:1 - - [21/Feb/2022:23:41:32 -0300] "GET /webapp HTTP/1.1" 302 -
0:0:0:0:0:0:0:1 - - [21/Feb/2022:23:41:32 -0300] "GET /webapp/ HTTP/1.1" 304 -
0:0:0:0:0:0:0:1 - - [21/Feb/2022:23:41:33 -0300] "GET /webapp/ver-carro HTTP/1.1" 200 346
0:0:0:0:0:0:0:1 - - [21/Feb/2022:23:41:40 -0300] "GET /webapp/index.html HTTP/1.1" 304 -
0:0:0:0:0:0:0:1 - - [21/Feb/2022:23:41:41 -0300] "GET /webapp/login.html HTTP/1.1" 200 294
0:0:0:0:0:0:0:1 - - [21/Feb/2022:23:41:43 -0300] "GET /webapp/logout HTTP/1.1" 302 -
0:0:0:0:0:0:0:1 - - [21/Feb/2022:23:41:43 -0300] "GET /webapp/login.html HTTP/1.1" 200 627
0:0:0:0:0:0:0:1 - - [21/Feb/2022:23:41:47 -0300] "GET /webapp HTTP/1.1" 302 -
0:0:0:0:0:0:0:1 - - [21/Feb/2022:23:41:47 -0300] "GET /webapp/ver-carro HTTP/1.1" 200 346
0:0:0:0:0:0:0:1 - - [21/Feb/2022:23:41:54 -0300] "GET /webapp/login.html HTTP/1.1" 200 627
0:0:0:0:0:0:0:1 - - [21/Feb/2022:23:41:57 -0300] "POST /webapp/login HTTP/1.1" 302 -
0:0:0:0:0:0:0:1 - - [21/Feb/2022:23:41:57 -0300] "GET /webapp/login.html HTTP/1.1" 200 294
0:0:0:0:0:0:0:1 - - [21/Feb/2022:23:41:59 -0300] "GET /webapp/ver-carro HTTP/1.1" 200 346
0:0:0:0:0:0:0:1 - - [21/Feb/2022:23:42:02 -0300] "GET /webapp/productos.html HTTP/1.1" 200 791
0:0:0:0:0:0:0:1 - - [21/Feb/2022:23:42:03 -0300] "GET /webapp/agregar-carro?id=1 HTTP/1.1" 302 -
0:0:0:0:0:0:0:1 - - [21/Feb/2022:23:42:03 -0300] "GET /webapp/ver-carro HTTP/1.1" 200 708
0:0:0:0:0:0:0:1 - - [21/Feb/2022:23:42:06 -0300] "GET /webapp/logout HTTP/1.1" 302 -
0:0:0:0:0:0:0:1 - - [21/Feb/2022:23:42:06 -0300] "GET /webapp/login.html HTTP/1.1" 200 627
0:0:0:0:0:0:0:1 - - [21/Feb/2022:23:42:09 -0300] "GET /webapp HTTP/1.1" 302 -
0:0:0:0:0:0:0:1 - - [21/Feb/2022:23:42:09 -0300] "GET /webapp/ver-carro HTTP/1.1" 200 708
